INFO:     Will watch for changes in these directories: ['/Volumes/Fullstack/Github/fasthtml/todo-app']
INFO:     Uvicorn running on http://0.0.0.0:5001 (Press CTRL+C to quit)
INFO:     Started reloader process [17144] using WatchFiles
Link: [91m[1mhttp://localhost:5001[22m[39m
INFO:     Started server process [17147]
INFO:     Waiting for application startup.
INFO:     Application startup complete.
INFO:     127.0.0.1:49762 - "GET / HTTP/1.1" 200 OK
SQLITE_LOG: table items has no column named title in "INSERT INTO [items] ([done], [title]) VALUES (?, ?) RETURNING *;" (1) SQLITE_ERROR
INFO:     127.0.0.1:49764 - "POST /todos HTTP/1.1" 500 Internal Server Error
ERROR:    Exception in ASGI application
Traceback (most recent call last):
  File "/Library/Frameworks/Python.framework/Versions/3.14/lib/python3.14/site-packages/uvicorn/protocols/http/httptools_impl.py", line 422, in run_asgi
    result = await app(  # type: ignore[func-returns-value]
             ^^^^^^^^^^^^^^^^^^^^^^^^^^^^^^^^^^^^^^^^^^^^^^
        self.scope, self.receive, self.send
        ^^^^^^^^^^^^^^^^^^^^^^^^^^^^^^^^^^^
    )
    ^
  File "/Library/Frameworks/Python.framework/Versions/3.14/lib/python3.14/site-packages/uvicorn/middleware/proxy_headers.py", line 63, in __call__
    return await self.app(scope, receive, send)
           ^^^^^^^^^^^^^^^^^^^^^^^^^^^^^^^^^^^^
  File "/Library/Frameworks/Python.framework/Versions/3.14/lib/python3.14/site-packages/starlette/applications.py", line 96, in __call__
    await self.middleware_stack(scope, receive, send)
  File "/Library/Frameworks/Python.framework/Versions/3.14/lib/python3.14/site-packages/starlette/middleware/errors.py", line 186, in __call__
    raise exc
  File "/Library/Frameworks/Python.framework/Versions/3.14/lib/python3.14/site-packages/starlette/middleware/errors.py", line 164, in __call__
    await self.app(scope, receive, _send)
  File "/Library/Frameworks/Python.framework/Versions/3.14/lib/python3.14/site-packages/starlette/middleware/sessions.py", line 88, in __call__
    await self.app(scope, receive, send_wrapper)
  File "/Library/Frameworks/Python.framework/Versions/3.14/lib/python3.14/site-packages/starlette/middleware/exceptions.py", line 63, in __call__
    await wrap_app_handling_exceptions(self.app, conn)(scope, receive, send)
  File "/Library/Frameworks/Python.framework/Versions/3.14/lib/python3.14/site-packages/starlette/_exception_handler.py", line 53, in wrapped_app
    raise exc
  File "/Library/Frameworks/Python.framework/Versions/3.14/lib/python3.14/site-packages/starlette/_exception_handler.py", line 42, in wrapped_app
    await app(scope, receive, sender)
  File "/Library/Frameworks/Python.framework/Versions/3.14/lib/python3.14/site-packages/starlette/routing.py", line 670, in __call__
    await self.middleware_stack(scope, receive, send)
  File "/Library/Frameworks/Python.framework/Versions/3.14/lib/python3.14/site-packages/starlette/routing.py", line 690, in app
    await route.handle(scope, receive, send)
  File "/Library/Frameworks/Python.framework/Versions/3.14/lib/python3.14/site-packages/starlette/routing.py", line 280, in handle
    await self.app(scope, receive, send)
  File "/Library/Frameworks/Python.framework/Versions/3.14/lib/python3.14/site-packages/starlette/routing.py", line 65, in app
    await wrap_app_handling_exceptions(app, request)(scope, receive, send)
  File "/Library/Frameworks/Python.framework/Versions/3.14/lib/python3.14/site-packages/starlette/_exception_handler.py", line 53, in wrapped_app
    raise exc
  File "/Library/Frameworks/Python.framework/Versions/3.14/lib/python3.14/site-packages/starlette/_exception_handler.py", line 42, in wrapped_app
    await app(scope, receive, sender)
  File "/Library/Frameworks/Python.framework/Versions/3.14/lib/python3.14/site-packages/starlette/routing.py", line 62, in app
    response = await f(request)
               ^^^^^^^^^^^^^^^^
  File "/Library/Frameworks/Python.framework/Versions/3.14/lib/python3.14/site-packages/fasthtml/core.py", line 770, in _f
    if not resp: resp = await _wrap_call(f, req, sig.parameters)
                        ^^^^^^^^^^^^^^^^^^^^^^^^^^^^^^^^^^^^^^^^
  File "/Library/Frameworks/Python.framework/Versions/3.14/lib/python3.14/site-packages/fasthtml/core.py", line 544, in _wrap_call
    return await _handle(f, **wreq)
           ^^^^^^^^^^^^^^^^^^^^^^^^
  File "/Library/Frameworks/Python.framework/Versions/3.14/lib/python3.14/site-packages/fasthtml/core.py", line 331, in _handle
    return (await f(*args, **kwargs)) if is_async_callable(f) else await run_in_threadpool(f, *args, **kwargs)
                                                                   ^^^^^^^^^^^^^^^^^^^^^^^^^^^^^^^^^^^^^^^^^^^
  File "/Library/Frameworks/Python.framework/Versions/3.14/lib/python3.14/site-packages/starlette/concurrency.py", line 34, in run_in_threadpool
    return await anyio.to_thread.run_sync(func)
           ^^^^^^^^^^^^^^^^^^^^^^^^^^^^^^^^^^^^
  File "/Library/Frameworks/Python.framework/Versions/3.14/lib/python3.14/site-packages/anyio/to_thread.py", line 65, in run_sync
    return await get_async_backend().run_sync_in_worker_thread(
           ^^^^^^^^^^^^^^^^^^^^^^^^^^^^^^^^^^^^^^^^^^^^^^^^^^^^
        func, args, abandon_on_cancel=abandon_on_cancel, limiter=limiter
        ^^^^^^^^^^^^^^^^^^^^^^^^^^^^^^^^^^^^^^^^^^^^^^^^^^^^^^^^^^^^^^^^
    )
    ^
  File "/Library/Frameworks/Python.framework/Versions/3.14/lib/python3.14/site-packages/anyio/_backends/_asyncio.py", line 2706, in run_sync_in_worker_thread
    return await future
           ^^^^^^^^^^^^
  File "/Library/Frameworks/Python.framework/Versions/3.14/lib/python3.14/site-packages/anyio/_backends/_asyncio.py", line 1100, in run
    result = context.run(func, *args)
  File "/Volumes/Fullstack/Github/fasthtml/todo-app/main.py", line 97, in post
    todo = todos.insert(title=title, done=False)
  File "/Library/Frameworks/Python.framework/Versions/3.14/lib/python3.14/site-packages/fastlite/kw.py", line 205, in insert
    self._orig_insert(
    ~~~~~~~~~~~~~~~~~^
        record=record, pk=pk, foreign_keys=foreign_keys, column_order=column_order, not_null=not_null,
        ^^^^^^^^^^^^^^^^^^^^^^^^^^^^^^^^^^^^^^^^^^^^^^^^^^^^^^^^^^^^^^^^^^^^^^^^^^^^^^^^^^^^^^^^^^^^^^
        defaults=defaults, hash_id=hash_id, hash_id_columns=hash_id_columns, alter=alter, ignore=ignore,
        ^^^^^^^^^^^^^^^^^^^^^^^^^^^^^^^^^^^^^^^^^^^^^^^^^^^^^^^^^^^^^^^^^^^^^^^^^^^^^^^^^^^^^^^^^^^^^^^^
        replace=replace, extracts=extracts, conversions=conversions, columns=columns, strict=strict)
        ^^^^^^^^^^^^^^^^^^^^^^^^^^^^^^^^^^^^^^^^^^^^^^^^^^^^^^^^^^^^^^^^^^^^^^^^^^^^^^^^^^^^^^^^^^^^
  File "/Library/Frameworks/Python.framework/Versions/3.14/lib/python3.14/site-packages/apswutils/db.py", line 3050, in insert
    return self.insert_all(
           ~~~~~~~~~~~~~~~^
        [record],
        ^^^^^^^^^
    ...<13 lines>...
        strict=strict,
        ^^^^^^^^^^^^^^
    )
    ^
  File "/Library/Frameworks/Python.framework/Versions/3.14/lib/python3.14/site-packages/fastlite/kw.py", line 178, in insert_all
    return self._orig_insert_all(
           ~~~~~~~~~~~~~~~~~~~~~^
        records=records, pk=pk, foreign_keys=foreign_keys, column_order=column_order, not_null=not_null,
        ^^^^^^^^^^^^^^^^^^^^^^^^^^^^^^^^^^^^^^^^^^^^^^^^^^^^^^^^^^^^^^^^^^^^^^^^^^^^^^^^^^^^^^^^^^^^^^^^
        defaults=defaults, batch_size=batch_size, hash_id=hash_id, hash_id_columns=hash_id_columns, alter=alter,
        ^^^^^^^^^^^^^^^^^^^^^^^^^^^^^^^^^^^^^^^^^^^^^^^^^^^^^^^^^^^^^^^^^^^^^^^^^^^^^^^^^^^^^^^^^^^^^^^^^^^^^^^^
        ignore=ignore, replace=replace, truncate=truncate, extracts=extracts, conversions=conversions,
        ^^^^^^^^^^^^^^^^^^^^^^^^^^^^^^^^^^^^^^^^^^^^^^^^^^^^^^^^^^^^^^^^^^^^^^^^^^^^^^^^^^^^^^^^^^^^^^
        columns=columns, strict=strict, upsert=upsert, analyze=analyze)
        ^^^^^^^^^^^^^^^^^^^^^^^^^^^^^^^^^^^^^^^^^^^^^^^^^^^^^^^^^^^^^^^
  File "/Library/Frameworks/Python.framework/Versions/3.14/lib/python3.14/site-packages/apswutils/db.py", line 3184, in insert_all
    rows.extend(self.insert_chunk(
                ~~~~~~~~~~~~~~~~~^
        alter,
        ^^^^^^
    ...<11 lines>...
        ignore,
        ^^^^^^^
    ))
    ^
  File "/Library/Frameworks/Python.framework/Versions/3.14/lib/python3.14/site-packages/apswutils/db.py", line 2929, in insert_chunk
    cursor = self.db.execute(query, tuple(params))
  File "/Library/Frameworks/Python.framework/Versions/3.14/lib/python3.14/site-packages/apswutils/db.py", line 439, in execute
    if parameters: return self.conn.execute(sql, parameters)
                          ~~~~~~~~~~~~~~~~~^^^^^^^^^^^^^^^^^
  File "src/cursor.c", line 1320, in APSWCursor_execute.sqlite3_prepare_v3
apsw.SQLError: table items has no column named title
INFO:     127.0.0.1:49766 - "GET / HTTP/1.1" 200 OK
